
> finance-manager-frontend@2.0.0 test
> playwright test


Running 650 tests using 1 worker

  ✘    1 [chromium] › tests/accounts-crud.spec.ts:9:3 › Accounts CRUD Operations › should display accounts header (6.6s)
  ✘    2 [chromium] › tests/accounts-crud.spec.ts:14:3 › Accounts CRUD Operations › should have page subtitle (6.6s)
  ✘    3 [chromium] › tests/accounts-crud.spec.ts:19:3 › Accounts CRUD Operations › should have add account button (6.5s)
  ✓    4 [chromium] › tests/accounts-crud.spec.ts:24:3 › Accounts CRUD Operations › should have summary cards (2.4s)
  ✘    5 [chromium] › tests/accounts-crud.spec.ts:34:3 › Accounts CRUD Operations › should display total balance (6.8s)
  ✘    6 [chromium] › tests/accounts-crud.spec.ts:44:3 › Accounts CRUD Operations › should display accounts count (7.3s)
  ✘    7 [chromium] › tests/accounts-crud.spec.ts:54:3 › Accounts CRUD Operations › should display monthly income (2.2s)
  ✘    8 [chromium] › tests/accounts-crud.spec.ts:64:3 › Accounts CRUD Operations › should display monthly expenses (7.4s)
  ✘    9 [chromium] › tests/accounts-crud.spec.ts:74:3 › Accounts CRUD Operations › should have accounts grid (7.6s)
  ✓   10 [chromium] › tests/accounts-crud.spec.ts:81:3 › Accounts CRUD Operations › should display account cards (2.1s)
  ✓   11 [chromium] › tests/accounts-crud.spec.ts:90:3 › Accounts CRUD Operations › should have account card with icon (2.0s)
  ✘   12 [chromium] › tests/accounts-crud.spec.ts:99:3 › Accounts CRUD Operations › should have account icons: 🏦 checking, 💰 savings, 💳 credit, 📈 investment (1.9s)
  ✓   13 [chromium] › tests/accounts-crud.spec.ts:109:3 › Accounts CRUD Operations › should display account name (2.0s)
  ✓   14 [chromium] › tests/accounts-crud.spec.ts:117:3 › Accounts CRUD Operations › should display bank name (1.8s)
  ✘   15 [chromium] › tests/accounts-crud.spec.ts:125:3 › Accounts CRUD Operations › should display current balance card (7.0s)
  ✘   16 [chromium] › tests/accounts-crud.spec.ts:135:3 › Accounts CRUD Operations › should display recent activity section (7.2s)
  ✘   17 [chromium] › tests/accounts-crud.spec.ts:142:3 › Accounts CRUD Operations › should have activity header with view all link (7.1s)
  ✘   18 [chromium] › tests/accounts-crud.spec.ts:151:3 › Accounts CRUD Operations › should have "View All" link (7.2s)
  ✘   19 [chromium] › tests/accounts-crud.spec.ts:158:3 › Accounts CRUD Operations › should display activity list (7.1s)
  ✓   20 [chromium] › tests/accounts-crud.spec.ts:165:3 › Accounts CRUD Operations › should display activity items (2.2s)
  ✓   21 [chromium] › tests/accounts-crud.spec.ts:173:3 › Accounts CRUD Operations › should display activity description (1.9s)
  ✓   22 [chromium] › tests/accounts-crud.spec.ts:181:3 › Accounts CRUD Operations › should display activity date (1.9s)
  ✓   23 [chromium] › tests/accounts-crud.spec.ts:189:3 › Accounts CRUD Operations › should display activity amount with +/- (2.0s)
  ✓   24 [chromium] › tests/accounts-crud.spec.ts:197:3 › Accounts CRUD Operations › should have account type badge (2.0s)
  ✓   25 [chromium] › tests/accounts-crud.spec.ts:205:3 › Accounts CRUD Operations › should have account type badge text (1.8s)
  ✓   26 [chromium] › tests/accounts-crud.spec.ts:213:3 › Accounts CRUD Operations › should have account actions button (1.9s)
  ✓   27 [chromium] › tests/api.spec.ts:8:3 › API Endpoint Verification › verify accounts API endpoint (413ms)
  ✓   28 [chromium] › tests/api.spec.ts:21:3 › API Endpoint Verification › verify accounts POST endpoint (39ms)
  ✓   29 [chromium] › tests/api.spec.ts:42:3 › API Endpoint Verification › verify accounts DELETE endpoint (57ms)
  ✓   30 [chromium] › tests/api.spec.ts:59:3 › API Endpoint Verification › verify transactions summary API (67ms)
  ✓   31 [chromium] › tests/api.spec.ts:70:3 › API Endpoint Verification › verify transactions API pagination (108ms)
  ✓   32 [chromium] › tests/api.spec.ts:79:3 › API Endpoint Verification › verify transactions filter by date (1.4s)
  ✓   33 [chromium] › tests/api.spec.ts:89:3 › API Endpoint Verification › verify housing API (106ms)
  ✓   34 [chromium] › tests/api.spec.ts:98:3 › API Endpoint Verification › verify loans API (33ms)
  ✓   35 [chromium] › tests/api.spec.ts:111:3 › API Endpoint Verification › verify bills API (56ms)
  ✓   36 [chromium] › tests/api.spec.ts:125:3 › API Endpoint Verification › verify goals API (29ms)
  ✓   37 [chromium] › tests/api.spec.ts:138:3 › API Endpoint Verification › verify categories API (31ms)
  ✘   38 [chromium] › tests/api.spec.ts:152:3 › API Endpoint Verification › verify categories filter by type (59ms)
  ✓   39 [chromium] › tests/api.spec.ts:163:3 › API Endpoint Verification › verify budgets API (623ms)
  ✓   40 [chromium] › tests/api.spec.ts:171:3 › API Endpoint Verification › verify backend is responding (505ms)
  ✘   41 [chromium] › tests/api.spec.ts:176:3 › API Endpoint Verification › verify API has proper error handling (85ms)
  ✓   42 [chromium] › tests/api.spec.ts:185:3 › API Endpoint Verification › verify accounts search functionality (427ms)
  ✓   43 [chromium] › tests/api.spec.ts:193:3 › API Endpoint Verification › verify API rate limiting headers (63ms)
  ✘   44 [chromium] › tests/api.spec.ts:198:3 › API Endpoint Verification › verify API CORS headers (206ms)
  ✘   45 [chromium] › tests/bills-crud.spec.ts:9:3 › Bills CRUD Operations › should display bills header (8.0s)
  ✘   46 [chromium] › tests/bills-crud.spec.ts:14:3 › Bills CRUD Operations › should have page subtitle (7.1s)
  ✘   47 [chromium] › tests/bills-crud.spec.ts:19:3 › Bills CRUD Operations › should have new bill button (5.2s)
